device: cuda NVIDIA GH200 480GB
loaded 85992 emails, 78368 after dedup (0 rows with conflicting labels, 7624 removed in total)
Loading weights:   0%|          | 0/100 [00:00<?, ?it/s]Loading weights: 100%|██████████| 100/100 [00:00<00:00, 8907.37it/s]
[transformers] [1mDistilBertForSequenceClassification LOAD REPORT[0m from: distilbert-base-uncased
Key                     | Status     | 
------------------------+------------+-
vocab_layer_norm.bias   | UNEXPECTED | 
vocab_projector.bias    | UNEXPECTED | 
vocab_layer_norm.weight | UNEXPECTED | 
vocab_transform.bias    | UNEXPECTED | 
vocab_transform.weight  | UNEXPECTED | 
pre_classifier.weight   | MISSING    | 
classifier.weight       | MISSING    | 
pre_classifier.bias     | MISSING    | 
classifier.bias         | MISSING    | 

Notes:
- UNEXPECTED:	can be ignored when loading from different task/architecture; not ok if you expect identical arch.
- MISSING:	those params were newly initialized because missing from the checkpoint. Consider training on your downstream task.
epoch 1 step 200/2449 loss 0.3641 (4s)
epoch 1 step 400/2449 loss 0.1056 (9s)
epoch 1 step 600/2449 loss 0.0842 (13s)
epoch 1 step 800/2449 loss 0.0574 (17s)
epoch 1 step 1000/2449 loss 0.0587 (21s)
epoch 1 step 1200/2449 loss 0.0429 (25s)
epoch 1 step 1400/2449 loss 0.0431 (29s)
epoch 1 step 1600/2449 loss 0.0385 (33s)
epoch 1 step 1800/2449 loss 0.0324 (38s)
epoch 1 step 2000/2449 loss 0.0371 (42s)
epoch 1 step 2200/2449 loss 0.0325 (46s)
epoch 1 step 2400/2449 loss 0.0307 (50s)
epoch 2 step 200/2449 loss 0.0137 (4s)
epoch 2 step 400/2449 loss 0.0117 (8s)
epoch 2 step 600/2449 loss 0.0072 (13s)
epoch 2 step 800/2449 loss 0.0155 (17s)
epoch 2 step 1000/2449 loss 0.0083 (21s)
epoch 2 step 1200/2449 loss 0.0087 (25s)
epoch 2 step 1400/2449 loss 0.0117 (29s)
epoch 2 step 1600/2449 loss 0.0115 (33s)
epoch 2 step 1800/2449 loss 0.0114 (37s)
epoch 2 step 2000/2449 loss 0.0050 (42s)
epoch 2 step 2200/2449 loss 0.0117 (46s)
epoch 2 step 2400/2449 loss 0.0071 (50s)
Writing model shards:   0%|          | 0/1 [00:00<?, ?it/s]Writing model shards: 100%|██████████| 1/1 [00:00<00:00, 13.23it/s]
saved to ml/models/transformer_syn
